// Jest Snapshot v1, https://goo.gl/fbAQLP

exports[`AddTodo component AddTodo component is rendered 1`] = `
<div>
  <form>
    <div
      class="MuiInputBase-root MuiInput-root MuiInput-underline"
      required=""
    >
      <input
        class="MuiInputBase-input MuiInput-input"
        placeholder="Add todo item"
        required=""
        type="text"
        value=""
      />
    </div>
    <button
      class="MuiButtonBase-root MuiButton-root MuiButton-contained MuiButton-containedPrimary"
      id="add"
      tabindex="0"
      type="submit"
    >
      <span
        class="MuiButton-label"
      >
        Add
      </span>
      <span
        class="MuiTouchRipple-root"
      />
    </button>
  </form>
</div>
`;
