// Jest Snapshot v1, https://goo.gl/fbAQLP

exports[`App component App component is rendered 1`] = `
<div>
  <div
    class="App"
  >
    <h1>
      ToDo App
    </h1>
    <div
      class="todo-container"
    >
      <form>
        <div
          class="MuiInputBase-root MuiInput-root MuiInput-underline"
          required=""
        >
          <input
            class="MuiInputBase-input MuiInput-input"
            placeholder="Add todo item"
            required=""
            type="text"
            value=""
          />
        </div>
        <button
          class="MuiButtonBase-root MuiButton-root MuiButton-contained MuiButton-containedPrimary"
          id="add"
          tabindex="0"
          type="submit"
        >
          <span
            class="MuiButton-label"
          >
            Add
          </span>
          <span
            class="MuiTouchRipple-root"
          />
        </button>
      </form>
      <div
        class="MuiGrid-root"
      />
    </div>
  </div>
</div>
`;
